// Jest Snapshot v1, https://goo.gl/fbAQLP

exports[`CampaignPlanPage renders correctly 1`] = `
<div
  className="chrome"
>
  <div
    className="page-chrome__top-chrome"
  >
    <div
      className="page-chrome__top-chrome__content"
    >
      <div
        className="page-header"
      >
        <div
          className="container page-header__inner"
        >
          <div
            className="remarkably-logo"
          >
             
          </div>
          <nav
            className="page-header__items-outer"
          >
            <ul
              className="page-header__items-inner"
              style={
                Object {
                  "columns": 1,
                }
              }
            >
              <li
                className="page-header__item"
              >
                <div
                  className="project-drop-down"
                >
                  <span
                    className="project-drop-down__image"
                    style={Object {}}
                  />
                  <span
                    className="project-drop-down__text"
                  >
                    Portland Multi Family
                  </span>
                </div>
              </li>
            </ul>
          </nav>
        </div>
      </div>
      <div
        className="project-report-links"
      >
        <ul>
          <li
            className="enabled"
            data-url="/projects/pro_example/baseline/"
            onClick={[Function]}
          >
            Baseline
          </li>
          <li
            className="enabled"
            data-url="/projects/pro_example/market/"
            onClick={[Function]}
          >
            Market Analysis
          </li>
          <li
            className="disabled"
            data-url="#"
            onClick={[Function]}
          >
            Modeling
          </li>
          <li
            className="selected disabled"
            data-url="#"
            onClick={[Function]}
          >
            Campaign Plan
          </li>
          <li
            className="enabled"
            data-url="/projects/pro_example/performance/last-week/"
            onClick={[Function]}
          >
            Performance
          </li>
        </ul>
      </div>
    </div>
    <div
      className="page-chrome__top-chrome__spacing-fix"
      style={
        Object {
          "height": 76,
        }
      }
    >
       
    </div>
  </div>
  <div
    className="page campaign_plan-view"
  >
    <div
      className="container"
    >
      <div
        className="campaign_plan-view__subnav"
      >
        <div
          className="button-group"
        >
          <button
            className="button button--selected button-undefined button-group__item"
            onClick={[Function]}
          >
            Overview
          </button>
          <button
            className="button button-undefined button-group__item"
            onClick={[Function]}
          >
            Reputation Building
          </button>
          <button
            className="button button-undefined button-group__item"
            onClick={[Function]}
          >
            Demand Creation
          </button>
          <button
            className="button button-undefined button-group__item"
            onClick={[Function]}
          >
            Leasing Enablement
          </button>
          <button
            className="button button-undefined button-group__item"
            onClick={[Function]}
          >
            Marketing Intelligence
          </button>
        </div>
      </div>
      <div
        className="panel panel--default campaign-plan-overview-tab"
      >
        <div
          className="campaign-plan-overview-table"
        >
          <div
            className="table__row"
          >
            <div
              className="row__label"
            >
              Target Segments
            </div>
            <div
              className="target-segments row__content"
            >
              <div
                className="target-segment-item"
              >
                <p>
                  Primary
                </p>
                <p>
                  Young Professionals (25-34)
                </p>
              </div>
              <div
                className="target-segment-item"
              >
                <p>
                  Secondary
                </p>
                <p>
                  Young Entrepreneurs (25-34)
                </p>
              </div>
              <div
                className="target-segment-item"
              >
                <p>
                  Tertiary
                </p>
                <p>
                  Young Couples (35-40)
                </p>
              </div>
              <div
                className="target-segment-item"
              >
                <p>
                  Quarternary
                </p>
                <p>
                  Established Singles (35-44)
                </p>
              </div>
            </div>
          </div>
          <div
            className="table__row"
          >
            <div
              className="row__label"
            >
              Goal
            </div>
            <div
              className="row__content"
              dangerouslySetInnerHTML={
                Object {
                  "__html": "Achieve 95% lease-up by 6/30/2019",
                }
              }
            />
          </div>
          <div
            className="table__row"
          >
            <div
              className="row__label"
            >
              Objectives
            </div>
            <div
              className="objectives-markdown row__content"
            >
              <div
                className="objective-item"
              >
                <h1>
                  Reputation Building
                </h1>
                <div
                  className="markdown-content"
                >
                  <p>
                    Grow reach and shape perceptions
                  </p>
                  <ul>
                    <li>
                      Attract 11,979 USV
                    </li>
                    <li>
                      Attract 1,000 social followers
                    </li>
                    <li>
                      Add 1,100 contacts to property database (email list)
                    </li>
                  </ul>
                </div>
              </div>
              <div
                className="objective-item"
              >
                <h1>
                  Demand Creation
                </h1>
                <div
                  className="markdown-content"
                >
                  <p>
                    Generate INQs and USVs:
                  </p>
                  <ul>
                    <li>
                      Convert 6% of USVs to INQs
                    </li>
                    <li>
                      Attract 696 Inquires (calls, emails, walk-ins, chats, texts)
                    </li>
                    <li>
                      Conduct 270 tours (at 40% INQ&gt;Tour conversion rate)
                    </li>
                  </ul>
                </div>
              </div>
              <div
                className="objective-item"
              >
                <h1>
                  Leasing Enablement
                </h1>
                <div
                  className="markdown-content"
                >
                  <p>
                    Equip leasing team with effective processes and tools that delight
                  </p>
                  <ul>
                    <li>
                      Provide highly responsive process for handling INQ and Tours
                    </li>
                    <li>
                      Capture 97 signed leases
                    </li>
                  </ul>
                </div>
              </div>
              <div
                className="objective-item"
              >
                <h1>
                  Marketing Intelligence
                </h1>
                <div
                  className="markdown-content"
                >
                  <p>
                    Capture resident and prospect data:
                  </p>
                  <ul>
                    <li>
                      Capture prospect data on website
                    </li>
                    <li>
                      Capture resident data about satisfaction and retention
                    </li>
                  </ul>
                </div>
              </div>
            </div>
          </div>
          <div
            className="table__row"
          >
            <div
              className="row__label"
            >
              Assumptions
            </div>
            <div
              className="row__content"
            >
              <div
                className="markdown-content"
              >
                <ul>
                  <li>
                    Asset contains 260 units
                  </li>
                  <li>
                    20% C&D rate
                  </li>
                  <li>
                    Model based on predictions generated in Sept. 2018
                  </li>
                </ul>
              </div>
            </div>
          </div>
          <div
            className="table__row"
          >
            <div
              className="row__label"
            >
              Schedule
            </div>
            <div
              className="row__content"
              dangerouslySetInnerHTML={
                Object {
                  "__html": "Campaign begins in Feb. 2019 and finishes in July 2019",
                }
              }
            />
          </div>
          <div
            className="table__row table__row--last"
          >
            <div
              className="row__label"
            >
              Est. Campaign Investment
            </div>
            <div
              className="est-campaign-target row__content"
            >
              <h1>
                $75,500
              </h1>
              <p>
                Based on Current Model
              </p>
              <br />
              <div
                className="target-investments"
              >
                <p>
                  <span>
                    Reputation Building
                  </span>
                  <span />
                  <span>
                    $20,000
                  </span>
                </p>
                <p>
                  <span>
                    Demand Creation
                  </span>
                  <span />
                  <span>
                    $15,000
                  </span>
                </p>
                <p>
                  <span>
                    Leasing Enablement
                  </span>
                  <span />
                  <span>
                    $20,000
                  </span>
                </p>
                <p>
                  <span>
                    Marketing Intelligence
                  </span>
                  <span />
                  <span>
                    $20,500
                  </span>
                </p>
              </div>
            </div>
          </div>
        </div>
      </div>
    </div>
  </div>
</div>
`;
