// Jest Snapshot v1, https://goo.gl/fbAQLP

exports[`ShareToggle renders share toggle correctly 1`] = `
<div
  className="share-toggle"
>
  <label
    className="button-toggle button-toggle--checked"
  >
    <input
      checked={true}
      className="button-toggle__input"
      onChange={[Function]}
      type="checkbox"
    />
    <span
      className="button-toggle__track"
    >
      <span
        className="button-toggle__thumb"
      />
      <div
        className="button-toggle__checked"
      >
        <div
          className="button-toggle__inner-label"
        >
          On
        </div>
      </div>
      <div
        className="button-toggle__unchecked"
      >
        <div
          className="button-toggle__inner-label"
        >
          Off
        </div>
      </div>
    </span>
    
  </label>
  <button
    className="button button--primary copy-to-clipboard"
    onClick={[Function]}
  >
    Copy Link
  </button>
</div>
`;
