// Jest Snapshot v1, https://goo.gl/fbAQLP

exports[`CompleteAccountView renders correctly 1`] = `
<div
  className="page-auth"
>
  <div
    className="page-auth__header"
  >
    <a
      className="page-auth__back-link"
      href="/"
    >
      ← Go to Login
    </a>
    <div
      className="page-auth__logo"
    >
      <a
        href="/dashboard"
      >
        <div
          className="remarkably-logo"
        >
           
        </div>
      </a>
    </div>
  </div>
  <div
    className="page-auth__body"
  >
    <div
      className="account-form complete-account"
    >
      <div
        className="wizard-progress account-form__wizard"
      >
        <div
          className="wizard-progress__step wizard-progress__step--complete"
        >
          <div
            className="wizard-progress__step-number"
          >
            1
          </div>
          <svg
            aria-hidden="true"
            className="wizard-progress__icon"
            color="inherit"
            focusable="false"
            height="1em"
            role="presentation"
            viewBox="0 0 14 14"
            width="1em"
          >
            <rect
              fill="white"
              height="7"
              width="6"
              x="4"
              y="3"
            />
            <path
              clipRule="evenodd"
              d="M0 7C0 3.13506 3.13506 0 7 0C10.8649 0 14 3.13506 14 7C14 10.8649 10.8649 14 7 14C3.13506 14 0 10.8649 0 7ZM9.94652 5.04456L6.87461 9.57471C6.78379 9.70919 6.63884 9.8 6.49564 9.8C6.35243 9.8 6.19526 9.72141 6.09397 9.62187C5.99268 9.52232 4.29169 7.81784 4.29169 7.81784C4.16944 7.69559 4.16944 7.49476 4.29169 7.37251L4.73702 6.92718C4.85926 6.80493 5.0601 6.80493 5.1806 6.92718L6.35418 8.09901L8.90392 4.33727C9.00172 4.19407 9.19906 4.15739 9.34226 4.25345L9.86444 4.60796C10.0059 4.70402 10.0443 4.90136 9.94652 5.04456Z"
              fill="currentColor"
              fillRule="evenodd"
            />
          </svg>
          Set Password
        </div>
        <div
          className="wizard-progress__step wizard-progress__step--active"
        >
          <div
            className="wizard-progress__step-number"
          >
            2
          </div>
          Complete Account
        </div>
      </div>
      <div
        className="account-form__title"
      >
        Complete your account
      </div>
      <div
        className="account-form__subtitle"
      >
        We need just a bit more information about you to complete your account.
      </div>
      <div
        className="account-form__body"
      >
        <form
          onReset={[Function]}
          onSubmit={[Function]}
        >
          <div
            className="complete-account__field-set account-form__field"
          >
            <div
              className="form-field complete-account__field form-field--without-icon"
            >
              <div
                className="form-field__error"
              />
              <div
                className="form-field__label"
              >
                first name
              </div>
              <div
                className="form-field__input-container"
              >
                <input
                  className="input input--highlight"
                  name="first_name"
                  onBlur={[Function]}
                  onChange={[Function]}
                  type="text"
                />
                <svg
                  aria-hidden="true"
                  className="form-field__icon form-field__icon--error"
                  color="inherit"
                  focusable="false"
                  height="1em"
                  role="presentation"
                  viewBox="0 0 14 14"
                  width="1em"
                >
                  <rect
                    fill="white"
                    height="6"
                    width="6"
                    x="4"
                    y="4"
                  />
                  <path
                    clipRule="evenodd"
                    d="M0 7C0 3.13506 3.13506 0 7 0C10.8649 0 14 3.13506 14 7C14 10.8649 10.8649 14 7 14C3.13506 14 0 10.8649 0 7ZM9.42026 8.83969L8.83794 9.42027C8.73162 9.52658 8.55823 9.52658 8.45191 9.42027L6.99939 7.96799L5.54686 9.42027C5.44054 9.52658 5.26715 9.52658 5.16083 9.41864L4.57851 8.83969C4.47383 8.73174 4.47383 8.56002 4.57851 8.45208L6.03104 6.9998L4.58015 5.54915C4.47383 5.44121 4.47383 5.26785 4.58015 5.16154L5.16083 4.58096C5.26715 4.47301 5.44218 4.47301 5.5485 4.58096L6.99939 6.03161L8.45191 4.58096C8.55823 4.47301 8.73325 4.47301 8.83794 4.58096L9.42026 5.15991C9.52658 5.26785 9.52658 5.44121 9.42026 5.54915L7.96774 6.9998L9.42026 8.45208C9.52494 8.56002 9.52494 8.73174 9.42026 8.83969Z"
                    fill="#FF540D"
                    fillRule="evenodd"
                  />
                </svg>
                <svg
                  aria-hidden="true"
                  className="form-field__icon form-field__icon--ok"
                  color="inherit"
                  focusable="false"
                  height="1em"
                  role="presentation"
                  viewBox="0 0 14 14"
                  width="1em"
                >
                  <rect
                    fill="white"
                    height="7"
                    width="6"
                    x="4"
                    y="3"
                  />
                  <path
                    clipRule="evenodd"
                    d="M0 7C0 3.13506 3.13506 0 7 0C10.8649 0 14 3.13506 14 7C14 10.8649 10.8649 14 7 14C3.13506 14 0 10.8649 0 7ZM9.94652 5.04456L6.87461 9.57471C6.78379 9.70919 6.63884 9.8 6.49564 9.8C6.35243 9.8 6.19526 9.72141 6.09397 9.62187C5.99268 9.52232 4.29169 7.81784 4.29169 7.81784C4.16944 7.69559 4.16944 7.49476 4.29169 7.37251L4.73702 6.92718C4.85926 6.80493 5.0601 6.80493 5.1806 6.92718L6.35418 8.09901L8.90392 4.33727C9.00172 4.19407 9.19906 4.15739 9.34226 4.25345L9.86444 4.60796C10.0059 4.70402 10.0443 4.90136 9.94652 5.04456Z"
                    fill="currentColor"
                    fillRule="evenodd"
                  />
                </svg>
              </div>
            </div>
            <div
              className="form-field complete-account__field form-field--without-icon"
            >
              <div
                className="form-field__error"
              />
              <div
                className="form-field__label"
              >
                Last name
              </div>
              <div
                className="form-field__input-container"
              >
                <input
                  className="input input--highlight"
                  name="last_name"
                  onBlur={[Function]}
                  onChange={[Function]}
                  type="text"
                />
                <svg
                  aria-hidden="true"
                  className="form-field__icon form-field__icon--error"
                  color="inherit"
                  focusable="false"
                  height="1em"
                  role="presentation"
                  viewBox="0 0 14 14"
                  width="1em"
                >
                  <rect
                    fill="white"
                    height="6"
                    width="6"
                    x="4"
                    y="4"
                  />
                  <path
                    clipRule="evenodd"
                    d="M0 7C0 3.13506 3.13506 0 7 0C10.8649 0 14 3.13506 14 7C14 10.8649 10.8649 14 7 14C3.13506 14 0 10.8649 0 7ZM9.42026 8.83969L8.83794 9.42027C8.73162 9.52658 8.55823 9.52658 8.45191 9.42027L6.99939 7.96799L5.54686 9.42027C5.44054 9.52658 5.26715 9.52658 5.16083 9.41864L4.57851 8.83969C4.47383 8.73174 4.47383 8.56002 4.57851 8.45208L6.03104 6.9998L4.58015 5.54915C4.47383 5.44121 4.47383 5.26785 4.58015 5.16154L5.16083 4.58096C5.26715 4.47301 5.44218 4.47301 5.5485 4.58096L6.99939 6.03161L8.45191 4.58096C8.55823 4.47301 8.73325 4.47301 8.83794 4.58096L9.42026 5.15991C9.52658 5.26785 9.52658 5.44121 9.42026 5.54915L7.96774 6.9998L9.42026 8.45208C9.52494 8.56002 9.52494 8.73174 9.42026 8.83969Z"
                    fill="#FF540D"
                    fillRule="evenodd"
                  />
                </svg>
                <svg
                  aria-hidden="true"
                  className="form-field__icon form-field__icon--ok"
                  color="inherit"
                  focusable="false"
                  height="1em"
                  role="presentation"
                  viewBox="0 0 14 14"
                  width="1em"
                >
                  <rect
                    fill="white"
                    height="7"
                    width="6"
                    x="4"
                    y="3"
                  />
                  <path
                    clipRule="evenodd"
                    d="M0 7C0 3.13506 3.13506 0 7 0C10.8649 0 14 3.13506 14 7C14 10.8649 10.8649 14 7 14C3.13506 14 0 10.8649 0 7ZM9.94652 5.04456L6.87461 9.57471C6.78379 9.70919 6.63884 9.8 6.49564 9.8C6.35243 9.8 6.19526 9.72141 6.09397 9.62187C5.99268 9.52232 4.29169 7.81784 4.29169 7.81784C4.16944 7.69559 4.16944 7.49476 4.29169 7.37251L4.73702 6.92718C4.85926 6.80493 5.0601 6.80493 5.1806 6.92718L6.35418 8.09901L8.90392 4.33727C9.00172 4.19407 9.19906 4.15739 9.34226 4.25345L9.86444 4.60796C10.0059 4.70402 10.0443 4.90136 9.94652 5.04456Z"
                    fill="currentColor"
                    fillRule="evenodd"
                  />
                </svg>
              </div>
            </div>
          </div>
          <div
            className="form-field account-form__field form-field--without-icon"
          >
            <div
              className="form-field__error"
            />
            <div
              className="form-field__label"
            >
              title (Optional)
            </div>
            <div
              className="form-field__input-container"
            >
              <input
                className="input input--highlight"
                name="title"
                onBlur={[Function]}
                onChange={[Function]}
                type="text"
              />
              <svg
                aria-hidden="true"
                className="form-field__icon form-field__icon--error"
                color="inherit"
                focusable="false"
                height="1em"
                role="presentation"
                viewBox="0 0 14 14"
                width="1em"
              >
                <rect
                  fill="white"
                  height="6"
                  width="6"
                  x="4"
                  y="4"
                />
                <path
                  clipRule="evenodd"
                  d="M0 7C0 3.13506 3.13506 0 7 0C10.8649 0 14 3.13506 14 7C14 10.8649 10.8649 14 7 14C3.13506 14 0 10.8649 0 7ZM9.42026 8.83969L8.83794 9.42027C8.73162 9.52658 8.55823 9.52658 8.45191 9.42027L6.99939 7.96799L5.54686 9.42027C5.44054 9.52658 5.26715 9.52658 5.16083 9.41864L4.57851 8.83969C4.47383 8.73174 4.47383 8.56002 4.57851 8.45208L6.03104 6.9998L4.58015 5.54915C4.47383 5.44121 4.47383 5.26785 4.58015 5.16154L5.16083 4.58096C5.26715 4.47301 5.44218 4.47301 5.5485 4.58096L6.99939 6.03161L8.45191 4.58096C8.55823 4.47301 8.73325 4.47301 8.83794 4.58096L9.42026 5.15991C9.52658 5.26785 9.52658 5.44121 9.42026 5.54915L7.96774 6.9998L9.42026 8.45208C9.52494 8.56002 9.52494 8.73174 9.42026 8.83969Z"
                  fill="#FF540D"
                  fillRule="evenodd"
                />
              </svg>
              <svg
                aria-hidden="true"
                className="form-field__icon form-field__icon--ok"
                color="inherit"
                focusable="false"
                height="1em"
                role="presentation"
                viewBox="0 0 14 14"
                width="1em"
              >
                <rect
                  fill="white"
                  height="7"
                  width="6"
                  x="4"
                  y="3"
                />
                <path
                  clipRule="evenodd"
                  d="M0 7C0 3.13506 3.13506 0 7 0C10.8649 0 14 3.13506 14 7C14 10.8649 10.8649 14 7 14C3.13506 14 0 10.8649 0 7ZM9.94652 5.04456L6.87461 9.57471C6.78379 9.70919 6.63884 9.8 6.49564 9.8C6.35243 9.8 6.19526 9.72141 6.09397 9.62187C5.99268 9.52232 4.29169 7.81784 4.29169 7.81784C4.16944 7.69559 4.16944 7.49476 4.29169 7.37251L4.73702 6.92718C4.85926 6.80493 5.0601 6.80493 5.1806 6.92718L6.35418 8.09901L8.90392 4.33727C9.00172 4.19407 9.19906 4.15739 9.34226 4.25345L9.86444 4.60796C10.0059 4.70402 10.0443 4.90136 9.94652 5.04456Z"
                  fill="currentColor"
                  fillRule="evenodd"
                />
              </svg>
            </div>
          </div>
          <div
            className="form-field account-form__field form-field--without-icon"
          >
            <div
              className="form-field__error"
            />
            <div
              className="form-field__label"
            >
              company
            </div>
            <div
              className="form-field__input-container"
            >
              <div
                className="select-search select select--highlight css-dyr6gj-container"
                onKeyDown={[Function]}
              >
                <div
                  className="select__control css-yk16xz-control"
                  onMouseDown={[Function]}
                  onTouchEnd={[Function]}
                >
                  <div
                    className="select__value-container css-1jn1ih4"
                  >
                    <div
                      className="select__placeholder css-1wa3eu0-placeholder"
                    >
                      
                    </div>
                    <div>
                      <div
                        className="select__input"
                        style={
                          Object {
                            "display": "inline-block",
                          }
                        }
                      >
                        <input
                          aria-autocomplete="list"
                          autoCapitalize="none"
                          autoComplete="off"
                          autoCorrect="off"
                          disabled={false}
                          id="react-select-2-input"
                          onBlur={[Function]}
                          onChange={[Function]}
                          onFocus={[Function]}
                          spellCheck="false"
                          style={
                            Object {
                              "background": 0,
                              "border": 0,
                              "boxSizing": "content-box",
                              "color": "inherit",
                              "fontSize": "inherit",
                              "label": "input",
                              "opacity": 1,
                              "outline": 0,
                              "padding": 0,
                              "width": "1px",
                            }
                          }
                          tabIndex="0"
                          type="text"
                          value=""
                        />
                        <div
                          style={
                            Object {
                              "height": 0,
                              "left": 0,
                              "overflow": "scroll",
                              "position": "absolute",
                              "top": 0,
                              "visibility": "hidden",
                              "whiteSpace": "pre",
                            }
                          }
                        >
                          
                        </div>
                      </div>
                    </div>
                  </div>
                  <div
                    className="select__indicators css-1wy0on6"
                  >
                    <span
                      className="select__indicator-separator css-1okebmr-indicatorSeparator"
                    />
                  </div>
                </div>
                <input
                  name="company"
                  type="hidden"
                  value=""
                />
              </div>
              <svg
                aria-hidden="true"
                className="form-field__icon form-field__icon--error"
                color="inherit"
                focusable="false"
                height="1em"
                role="presentation"
                viewBox="0 0 14 14"
                width="1em"
              >
                <rect
                  fill="white"
                  height="6"
                  width="6"
                  x="4"
                  y="4"
                />
                <path
                  clipRule="evenodd"
                  d="M0 7C0 3.13506 3.13506 0 7 0C10.8649 0 14 3.13506 14 7C14 10.8649 10.8649 14 7 14C3.13506 14 0 10.8649 0 7ZM9.42026 8.83969L8.83794 9.42027C8.73162 9.52658 8.55823 9.52658 8.45191 9.42027L6.99939 7.96799L5.54686 9.42027C5.44054 9.52658 5.26715 9.52658 5.16083 9.41864L4.57851 8.83969C4.47383 8.73174 4.47383 8.56002 4.57851 8.45208L6.03104 6.9998L4.58015 5.54915C4.47383 5.44121 4.47383 5.26785 4.58015 5.16154L5.16083 4.58096C5.26715 4.47301 5.44218 4.47301 5.5485 4.58096L6.99939 6.03161L8.45191 4.58096C8.55823 4.47301 8.73325 4.47301 8.83794 4.58096L9.42026 5.15991C9.52658 5.26785 9.52658 5.44121 9.42026 5.54915L7.96774 6.9998L9.42026 8.45208C9.52494 8.56002 9.52494 8.73174 9.42026 8.83969Z"
                  fill="#FF540D"
                  fillRule="evenodd"
                />
              </svg>
              <svg
                aria-hidden="true"
                className="form-field__icon form-field__icon--ok"
                color="inherit"
                focusable="false"
                height="1em"
                role="presentation"
                viewBox="0 0 14 14"
                width="1em"
              >
                <rect
                  fill="white"
                  height="7"
                  width="6"
                  x="4"
                  y="3"
                />
                <path
                  clipRule="evenodd"
                  d="M0 7C0 3.13506 3.13506 0 7 0C10.8649 0 14 3.13506 14 7C14 10.8649 10.8649 14 7 14C3.13506 14 0 10.8649 0 7ZM9.94652 5.04456L6.87461 9.57471C6.78379 9.70919 6.63884 9.8 6.49564 9.8C6.35243 9.8 6.19526 9.72141 6.09397 9.62187C5.99268 9.52232 4.29169 7.81784 4.29169 7.81784C4.16944 7.69559 4.16944 7.49476 4.29169 7.37251L4.73702 6.92718C4.85926 6.80493 5.0601 6.80493 5.1806 6.92718L6.35418 8.09901L8.90392 4.33727C9.00172 4.19407 9.19906 4.15739 9.34226 4.25345L9.86444 4.60796C10.0059 4.70402 10.0443 4.90136 9.94652 5.04456Z"
                  fill="currentColor"
                  fillRule="evenodd"
                />
              </svg>
            </div>
          </div>
          <div
            className="form-field account-form__field form-field--without-icon"
          >
            <div
              className="form-field__error"
            />
            <div
              className="form-field__label"
            >
              company role
            </div>
            <div
              className="form-field__input-container"
            >
              <div
                className="select multi-select select--highlight css-dyr6gj-container"
                onKeyDown={[Function]}
              >
                <div
                  className="select__control css-yk16xz-control"
                  onMouseDown={[Function]}
                  onTouchEnd={[Function]}
                >
                  <div
                    className="select__value-container select__value-container--is-multi css-1jn1ih4"
                  >
                    <div
                      className="select__placeholder"
                    >
                      Select role...
                    </div>
                    <input
                      className="css-62g3xt-dummyInput"
                      disabled={false}
                      id="react-select-3-input"
                      onBlur={[Function]}
                      onChange={[Function]}
                      onFocus={[Function]}
                      readOnly={true}
                      tabIndex="0"
                      value=""
                    />
                  </div>
                  <div
                    className="select__indicators css-1wy0on6"
                  >
                    <span
                      className="select__indicator-separator css-1okebmr-indicatorSeparator"
                    />
                    <div
                      aria-hidden="true"
                      className="select__indicator select__dropdown-indicator css-tlfecz-indicatorContainer"
                      onMouseDown={[Function]}
                      onTouchEnd={[Function]}
                    >
                      <svg
                        aria-hidden="true"
                        className="select__dropdown-arrow select__dropdown-arrow--down"
                        color="inherit"
                        focusable="false"
                        height="1em"
                        role="presentation"
                        viewBox="0 0 10 5"
                        width="1em"
                      >
                        <path
                          d="M1 1.16134L4.92334 4.5"
                          stroke="currentColor"
                          strokeLinecap="round"
                        />
                        <path
                          d="M8.82812 1.16134L5 4.5"
                          stroke="currentColor"
                          strokeLinecap="round"
                        />
                      </svg>
                      <svg
                        aria-hidden="true"
                        className="select__dropdown-arrow select__dropdown-arrow--up"
                        color="inherit"
                        focusable="false"
                        height="1em"
                        role="presentation"
                        viewBox="0 0 10 5"
                        width="1em"
                      >
                        <path
                          d="M1 3.83866L4.92334 0.5"
                          stroke="currentColor"
                          strokeLinecap="round"
                        />
                        <path
                          d="M8.82812 3.83866L5 0.5"
                          stroke="currentColor"
                          strokeLinecap="round"
                        />
                      </svg>
                    </div>
                  </div>
                </div>
                <div>
                  <input
                    name="company_role"
                    type="hidden"
                  />
                </div>
              </div>
              <svg
                aria-hidden="true"
                className="form-field__icon form-field__icon--error"
                color="inherit"
                focusable="false"
                height="1em"
                role="presentation"
                viewBox="0 0 14 14"
                width="1em"
              >
                <rect
                  fill="white"
                  height="6"
                  width="6"
                  x="4"
                  y="4"
                />
                <path
                  clipRule="evenodd"
                  d="M0 7C0 3.13506 3.13506 0 7 0C10.8649 0 14 3.13506 14 7C14 10.8649 10.8649 14 7 14C3.13506 14 0 10.8649 0 7ZM9.42026 8.83969L8.83794 9.42027C8.73162 9.52658 8.55823 9.52658 8.45191 9.42027L6.99939 7.96799L5.54686 9.42027C5.44054 9.52658 5.26715 9.52658 5.16083 9.41864L4.57851 8.83969C4.47383 8.73174 4.47383 8.56002 4.57851 8.45208L6.03104 6.9998L4.58015 5.54915C4.47383 5.44121 4.47383 5.26785 4.58015 5.16154L5.16083 4.58096C5.26715 4.47301 5.44218 4.47301 5.5485 4.58096L6.99939 6.03161L8.45191 4.58096C8.55823 4.47301 8.73325 4.47301 8.83794 4.58096L9.42026 5.15991C9.52658 5.26785 9.52658 5.44121 9.42026 5.54915L7.96774 6.9998L9.42026 8.45208C9.52494 8.56002 9.52494 8.73174 9.42026 8.83969Z"
                  fill="#FF540D"
                  fillRule="evenodd"
                />
              </svg>
              <svg
                aria-hidden="true"
                className="form-field__icon form-field__icon--ok"
                color="inherit"
                focusable="false"
                height="1em"
                role="presentation"
                viewBox="0 0 14 14"
                width="1em"
              >
                <rect
                  fill="white"
                  height="7"
                  width="6"
                  x="4"
                  y="3"
                />
                <path
                  clipRule="evenodd"
                  d="M0 7C0 3.13506 3.13506 0 7 0C10.8649 0 14 3.13506 14 7C14 10.8649 10.8649 14 7 14C3.13506 14 0 10.8649 0 7ZM9.94652 5.04456L6.87461 9.57471C6.78379 9.70919 6.63884 9.8 6.49564 9.8C6.35243 9.8 6.19526 9.72141 6.09397 9.62187C5.99268 9.52232 4.29169 7.81784 4.29169 7.81784C4.16944 7.69559 4.16944 7.49476 4.29169 7.37251L4.73702 6.92718C4.85926 6.80493 5.0601 6.80493 5.1806 6.92718L6.35418 8.09901L8.90392 4.33727C9.00172 4.19407 9.19906 4.15739 9.34226 4.25345L9.86444 4.60796C10.0059 4.70402 10.0443 4.90136 9.94652 5.04456Z"
                  fill="currentColor"
                  fillRule="evenodd"
                />
              </svg>
            </div>
          </div>
          <div
            className="form-field account-form__field form-field--without-icon"
          >
            <div
              className="form-field__error"
            />
            <div
              className="form-field__label"
            >
              office address
            </div>
            <div
              className="form-field__input-container"
            >
              <div
                className="select-search select google-address select--highlight css-2b097c-container"
                onKeyDown={[Function]}
              >
                <div
                  className="select__control css-yk16xz-control"
                  onMouseDown={[Function]}
                  onTouchEnd={[Function]}
                >
                  <div
                    className="select__value-container css-1hwfws3"
                  >
                    <div
                      className="select__placeholder css-1wa3eu0-placeholder"
                    >
                      Select office...
                    </div>
                    <div>
                      <div
                        className="select__input"
                        style={
                          Object {
                            "display": "inline-block",
                          }
                        }
                      >
                        <input
                          aria-autocomplete="list"
                          autoCapitalize="none"
                          autoComplete="off"
                          autoCorrect="off"
                          disabled={false}
                          id="react-select-4-input"
                          onBlur={[Function]}
                          onChange={[Function]}
                          onFocus={[Function]}
                          spellCheck="false"
                          style={
                            Object {
                              "background": 0,
                              "border": 0,
                              "boxSizing": "content-box",
                              "color": "inherit",
                              "fontSize": "inherit",
                              "label": "input",
                              "opacity": 1,
                              "outline": 0,
                              "padding": 0,
                              "width": "1px",
                            }
                          }
                          tabIndex="0"
                          type="text"
                          value=""
                        />
                        <div
                          style={
                            Object {
                              "height": 0,
                              "left": 0,
                              "overflow": "scroll",
                              "position": "absolute",
                              "top": 0,
                              "visibility": "hidden",
                              "whiteSpace": "pre",
                            }
                          }
                        >
                          
                        </div>
                      </div>
                    </div>
                  </div>
                  <div
                    className="select__indicators css-1wy0on6"
                  >
                    <span
                      className="select__indicator-separator css-1okebmr-indicatorSeparator"
                    />
                    <div
                      aria-hidden="true"
                      className="select__indicator select__dropdown-indicator css-tlfecz-indicatorContainer"
                      onMouseDown={[Function]}
                      onTouchEnd={[Function]}
                    >
                      <svg
                        aria-hidden="true"
                        className="select__dropdown-arrow select__dropdown-arrow--down"
                        color="inherit"
                        focusable="false"
                        height="1em"
                        role="presentation"
                        viewBox="0 0 10 5"
                        width="1em"
                      >
                        <path
                          d="M1 1.16134L4.92334 4.5"
                          stroke="currentColor"
                          strokeLinecap="round"
                        />
                        <path
                          d="M8.82812 1.16134L5 4.5"
                          stroke="currentColor"
                          strokeLinecap="round"
                        />
                      </svg>
                      <svg
                        aria-hidden="true"
                        className="select__dropdown-arrow select__dropdown-arrow--up"
                        color="inherit"
                        focusable="false"
                        height="1em"
                        role="presentation"
                        viewBox="0 0 10 5"
                        width="1em"
                      >
                        <path
                          d="M1 3.83866L4.92334 0.5"
                          stroke="currentColor"
                          strokeLinecap="round"
                        />
                        <path
                          d="M8.82812 3.83866L5 0.5"
                          stroke="currentColor"
                          strokeLinecap="round"
                        />
                      </svg>
                    </div>
                  </div>
                </div>
                <input
                  name="office_address"
                  type="hidden"
                  value=""
                />
              </div>
              <svg
                aria-hidden="true"
                className="form-field__icon form-field__icon--error"
                color="inherit"
                focusable="false"
                height="1em"
                role="presentation"
                viewBox="0 0 14 14"
                width="1em"
              >
                <rect
                  fill="white"
                  height="6"
                  width="6"
                  x="4"
                  y="4"
                />
                <path
                  clipRule="evenodd"
                  d="M0 7C0 3.13506 3.13506 0 7 0C10.8649 0 14 3.13506 14 7C14 10.8649 10.8649 14 7 14C3.13506 14 0 10.8649 0 7ZM9.42026 8.83969L8.83794 9.42027C8.73162 9.52658 8.55823 9.52658 8.45191 9.42027L6.99939 7.96799L5.54686 9.42027C5.44054 9.52658 5.26715 9.52658 5.16083 9.41864L4.57851 8.83969C4.47383 8.73174 4.47383 8.56002 4.57851 8.45208L6.03104 6.9998L4.58015 5.54915C4.47383 5.44121 4.47383 5.26785 4.58015 5.16154L5.16083 4.58096C5.26715 4.47301 5.44218 4.47301 5.5485 4.58096L6.99939 6.03161L8.45191 4.58096C8.55823 4.47301 8.73325 4.47301 8.83794 4.58096L9.42026 5.15991C9.52658 5.26785 9.52658 5.44121 9.42026 5.54915L7.96774 6.9998L9.42026 8.45208C9.52494 8.56002 9.52494 8.73174 9.42026 8.83969Z"
                  fill="#FF540D"
                  fillRule="evenodd"
                />
              </svg>
              <svg
                aria-hidden="true"
                className="form-field__icon form-field__icon--ok"
                color="inherit"
                focusable="false"
                height="1em"
                role="presentation"
                viewBox="0 0 14 14"
                width="1em"
              >
                <rect
                  fill="white"
                  height="7"
                  width="6"
                  x="4"
                  y="3"
                />
                <path
                  clipRule="evenodd"
                  d="M0 7C0 3.13506 3.13506 0 7 0C10.8649 0 14 3.13506 14 7C14 10.8649 10.8649 14 7 14C3.13506 14 0 10.8649 0 7ZM9.94652 5.04456L6.87461 9.57471C6.78379 9.70919 6.63884 9.8 6.49564 9.8C6.35243 9.8 6.19526 9.72141 6.09397 9.62187C5.99268 9.52232 4.29169 7.81784 4.29169 7.81784C4.16944 7.69559 4.16944 7.49476 4.29169 7.37251L4.73702 6.92718C4.85926 6.80493 5.0601 6.80493 5.1806 6.92718L6.35418 8.09901L8.90392 4.33727C9.00172 4.19407 9.19906 4.15739 9.34226 4.25345L9.86444 4.60796C10.0059 4.70402 10.0443 4.90136 9.94652 5.04456Z"
                  fill="currentColor"
                  fillRule="evenodd"
                />
              </svg>
            </div>
          </div>
          <div
            className="form-field account-form__field form-field--without-icon"
          >
            <div
              className="form-field__error"
            />
            <div
              className="form-field__label"
            >
              Office name
            </div>
            <div
              className="form-field__input-container"
            >
              <input
                className="input input--highlight"
                name="office_name"
                onBlur={[Function]}
                onChange={[Function]}
                type="text"
              />
              <svg
                aria-hidden="true"
                className="form-field__icon form-field__icon--error"
                color="inherit"
                focusable="false"
                height="1em"
                role="presentation"
                viewBox="0 0 14 14"
                width="1em"
              >
                <rect
                  fill="white"
                  height="6"
                  width="6"
                  x="4"
                  y="4"
                />
                <path
                  clipRule="evenodd"
                  d="M0 7C0 3.13506 3.13506 0 7 0C10.8649 0 14 3.13506 14 7C14 10.8649 10.8649 14 7 14C3.13506 14 0 10.8649 0 7ZM9.42026 8.83969L8.83794 9.42027C8.73162 9.52658 8.55823 9.52658 8.45191 9.42027L6.99939 7.96799L5.54686 9.42027C5.44054 9.52658 5.26715 9.52658 5.16083 9.41864L4.57851 8.83969C4.47383 8.73174 4.47383 8.56002 4.57851 8.45208L6.03104 6.9998L4.58015 5.54915C4.47383 5.44121 4.47383 5.26785 4.58015 5.16154L5.16083 4.58096C5.26715 4.47301 5.44218 4.47301 5.5485 4.58096L6.99939 6.03161L8.45191 4.58096C8.55823 4.47301 8.73325 4.47301 8.83794 4.58096L9.42026 5.15991C9.52658 5.26785 9.52658 5.44121 9.42026 5.54915L7.96774 6.9998L9.42026 8.45208C9.52494 8.56002 9.52494 8.73174 9.42026 8.83969Z"
                  fill="#FF540D"
                  fillRule="evenodd"
                />
              </svg>
              <svg
                aria-hidden="true"
                className="form-field__icon form-field__icon--ok"
                color="inherit"
                focusable="false"
                height="1em"
                role="presentation"
                viewBox="0 0 14 14"
                width="1em"
              >
                <rect
                  fill="white"
                  height="7"
                  width="6"
                  x="4"
                  y="3"
                />
                <path
                  clipRule="evenodd"
                  d="M0 7C0 3.13506 3.13506 0 7 0C10.8649 0 14 3.13506 14 7C14 10.8649 10.8649 14 7 14C3.13506 14 0 10.8649 0 7ZM9.94652 5.04456L6.87461 9.57471C6.78379 9.70919 6.63884 9.8 6.49564 9.8C6.35243 9.8 6.19526 9.72141 6.09397 9.62187C5.99268 9.52232 4.29169 7.81784 4.29169 7.81784C4.16944 7.69559 4.16944 7.49476 4.29169 7.37251L4.73702 6.92718C4.85926 6.80493 5.0601 6.80493 5.1806 6.92718L6.35418 8.09901L8.90392 4.33727C9.00172 4.19407 9.19906 4.15739 9.34226 4.25345L9.86444 4.60796C10.0059 4.70402 10.0443 4.90136 9.94652 5.04456Z"
                  fill="currentColor"
                  fillRule="evenodd"
                />
              </svg>
            </div>
          </div>
          <div
            className="form-field account-form__field form-field--without-icon"
          >
            <div
              className="form-field__error"
            />
            <div
              className="form-field__label"
            >
              office type
            </div>
            <div
              className="form-field__input-container"
            >
              <div
                className="select select--highlight css-dyr6gj-container"
                onKeyDown={[Function]}
              >
                <div
                  className="select__control css-yk16xz-control"
                  onMouseDown={[Function]}
                  onTouchEnd={[Function]}
                >
                  <div
                    className="select__value-container css-1jn1ih4"
                  >
                    <div
                      className="select__placeholder css-1wa3eu0-placeholder"
                    >
                      Select...
                    </div>
                    <input
                      className="css-62g3xt-dummyInput"
                      disabled={false}
                      id="react-select-5-input"
                      onBlur={[Function]}
                      onChange={[Function]}
                      onFocus={[Function]}
                      readOnly={true}
                      tabIndex="0"
                      value=""
                    />
                  </div>
                  <div
                    className="select__indicators css-1wy0on6"
                  >
                    <span
                      className="select__indicator-separator css-1okebmr-indicatorSeparator"
                    />
                    <div
                      aria-hidden="true"
                      className="select__indicator select__dropdown-indicator css-tlfecz-indicatorContainer"
                      onMouseDown={[Function]}
                      onTouchEnd={[Function]}
                    >
                      <svg
                        aria-hidden="true"
                        className="select__dropdown-arrow select__dropdown-arrow--down"
                        color="inherit"
                        focusable="false"
                        height="1em"
                        role="presentation"
                        viewBox="0 0 10 5"
                        width="1em"
                      >
                        <path
                          d="M1 1.16134L4.92334 4.5"
                          stroke="currentColor"
                          strokeLinecap="round"
                        />
                        <path
                          d="M8.82812 1.16134L5 4.5"
                          stroke="currentColor"
                          strokeLinecap="round"
                        />
                      </svg>
                      <svg
                        aria-hidden="true"
                        className="select__dropdown-arrow select__dropdown-arrow--up"
                        color="inherit"
                        focusable="false"
                        height="1em"
                        role="presentation"
                        viewBox="0 0 10 5"
                        width="1em"
                      >
                        <path
                          d="M1 3.83866L4.92334 0.5"
                          stroke="currentColor"
                          strokeLinecap="round"
                        />
                        <path
                          d="M8.82812 3.83866L5 0.5"
                          stroke="currentColor"
                          strokeLinecap="round"
                        />
                      </svg>
                    </div>
                  </div>
                </div>
                <input
                  name="office_type"
                  type="hidden"
                  value=""
                />
              </div>
              <svg
                aria-hidden="true"
                className="form-field__icon form-field__icon--error"
                color="inherit"
                focusable="false"
                height="1em"
                role="presentation"
                viewBox="0 0 14 14"
                width="1em"
              >
                <rect
                  fill="white"
                  height="6"
                  width="6"
                  x="4"
                  y="4"
                />
                <path
                  clipRule="evenodd"
                  d="M0 7C0 3.13506 3.13506 0 7 0C10.8649 0 14 3.13506 14 7C14 10.8649 10.8649 14 7 14C3.13506 14 0 10.8649 0 7ZM9.42026 8.83969L8.83794 9.42027C8.73162 9.52658 8.55823 9.52658 8.45191 9.42027L6.99939 7.96799L5.54686 9.42027C5.44054 9.52658 5.26715 9.52658 5.16083 9.41864L4.57851 8.83969C4.47383 8.73174 4.47383 8.56002 4.57851 8.45208L6.03104 6.9998L4.58015 5.54915C4.47383 5.44121 4.47383 5.26785 4.58015 5.16154L5.16083 4.58096C5.26715 4.47301 5.44218 4.47301 5.5485 4.58096L6.99939 6.03161L8.45191 4.58096C8.55823 4.47301 8.73325 4.47301 8.83794 4.58096L9.42026 5.15991C9.52658 5.26785 9.52658 5.44121 9.42026 5.54915L7.96774 6.9998L9.42026 8.45208C9.52494 8.56002 9.52494 8.73174 9.42026 8.83969Z"
                  fill="#FF540D"
                  fillRule="evenodd"
                />
              </svg>
              <svg
                aria-hidden="true"
                className="form-field__icon form-field__icon--ok"
                color="inherit"
                focusable="false"
                height="1em"
                role="presentation"
                viewBox="0 0 14 14"
                width="1em"
              >
                <rect
                  fill="white"
                  height="7"
                  width="6"
                  x="4"
                  y="3"
                />
                <path
                  clipRule="evenodd"
                  d="M0 7C0 3.13506 3.13506 0 7 0C10.8649 0 14 3.13506 14 7C14 10.8649 10.8649 14 7 14C3.13506 14 0 10.8649 0 7ZM9.94652 5.04456L6.87461 9.57471C6.78379 9.70919 6.63884 9.8 6.49564 9.8C6.35243 9.8 6.19526 9.72141 6.09397 9.62187C5.99268 9.52232 4.29169 7.81784 4.29169 7.81784C4.16944 7.69559 4.16944 7.49476 4.29169 7.37251L4.73702 6.92718C4.85926 6.80493 5.0601 6.80493 5.1806 6.92718L6.35418 8.09901L8.90392 4.33727C9.00172 4.19407 9.19906 4.15739 9.34226 4.25345L9.86444 4.60796C10.0059 4.70402 10.0443 4.90136 9.94652 5.04456Z"
                  fill="currentColor"
                  fillRule="evenodd"
                />
              </svg>
            </div>
          </div>
          <div
            className="complete-account__terms"
          >
            <div
              className="checkbox complete-account__checkbox"
              onBlur={[Function]}
              onClick={[Function]}
            />
            <input
              hidden={true}
              name="terms"
              onBlur={[Function]}
              type="checkbox"
            />
            Accept 
            <a
              className="complete-account__link"
              href="https://www.remarkably.io/terms"
            >
              Terms and Conditions
            </a>
          </div>
          <button
            className="button button--block button--uppercase button--disabled-light complete-account__button"
            onClick={[Function]}
            type="submit"
          >
            complete account
          </button>
        </form>
      </div>
    </div>
  </div>
  <div
    className="page-auth__footer"
  >
    © 2019 Remarkably. All Rights Reserved
  </div>
</div>
`;
