// Jest Snapshot v1, https://goo.gl/fbAQLP

exports[`PropertyList renders correctly 1`] = `
<div
  className="property-list"
>
  <div
    className="property-list__row"
  >
    <div
      className="panel panel--default property-row"
    >
      <div
        className="property-row__selector"
        onClick={[Function]}
        onMouseEnter={[Function]}
        onMouseLeave={[Function]}
      >
        <div
          className="property-row__image"
          style={
            Object {
              "backgroundImage": "url(\\"https://i.imgur.com/UEH4gfU.jpg\\")",
            }
          }
        />
        <div
          className="property-row__selector-hover"
        />
        <div
          className="property-row__tick"
        />
      </div>
      <div
        className="property-row__name"
      >
        Meridian SLC
      </div>
      <div
        className="property-row__address"
      >
        123 4th Avenue, Seattle WA 98106
      </div>
      <div
        className="property-row__link-container"
      >
        <a
          className="property-row__link"
          href="https://app.remarkably.io/projects/pro_nqcu73oiinomuvn7/baseline/"
        >
          View Property
        </a>
      </div>
      <div
        className="property-status property-status--on-track"
      >
        ON TRACK
      </div>
    </div>
  </div>
  <div
    className="property-list__row"
  >
    <div
      className="panel panel--default property-row"
    >
      <div
        className="property-row__selector"
        onClick={[Function]}
        onMouseEnter={[Function]}
        onMouseLeave={[Function]}
      >
        <div
          className="property-row__image"
          style={
            Object {
              "backgroundImage": "url(\\"https://i.imgur.com/UEH4gfU.jpg\\")",
            }
          }
        />
        <div
          className="property-row__selector-hover"
        />
        <div
          className="property-row__tick"
        />
      </div>
      <div
        className="property-row__name"
      >
        Beridian SLC
      </div>
      <div
        className="property-row__address"
      >
        123 4th Avenue, Seattle WA 98106
      </div>
      <div
        className="property-row__link-container"
      >
        <a
          className="property-row__link"
          href="https://app.remarkably.io/projects/pro_nqcu73oiinomuvn7/baseline/"
        >
          View Property
        </a>
      </div>
      <div
        className="property-status property-status--at-risk"
      >
        AT RISK
      </div>
    </div>
  </div>
  <div
    className="property-list__row"
  >
    <div
      className="panel panel--default property-row"
    >
      <div
        className="property-row__selector"
        onClick={[Function]}
        onMouseEnter={[Function]}
        onMouseLeave={[Function]}
      >
        <div
          className="property-row__image"
          style={
            Object {
              "backgroundImage": "url(\\"https://i.imgur.com/UEH4gfU.jpg\\")",
            }
          }
        />
        <div
          className="property-row__selector-hover"
        />
        <div
          className="property-row__tick"
        />
      </div>
      <div
        className="property-row__name"
      >
        Teridian SLC
      </div>
      <div
        className="property-row__address"
      >
        123 4th Avenue, Seattle WA 98106
      </div>
      <div
        className="property-row__link-container"
      >
        <a
          className="property-row__link"
          href="https://app.remarkably.io/projects/pro_nqcu73oiinomuvn7/baseline/"
        >
          View Property
        </a>
      </div>
      <div
        className="property-status property-status--on-track"
      >
        ON TRACK
      </div>
    </div>
  </div>
  <div
    className="property-list__row"
  >
    <div
      className="panel panel--default property-row"
    >
      <div
        className="property-row__selector"
        onClick={[Function]}
        onMouseEnter={[Function]}
        onMouseLeave={[Function]}
      >
        <div
          className="property-row__image"
          style={
            Object {
              "backgroundImage": "url(\\"https://i.imgur.com/UEH4gfU.jpg\\")",
            }
          }
        />
        <div
          className="property-row__selector-hover"
        />
        <div
          className="property-row__tick"
        />
      </div>
      <div
        className="property-row__name"
      >
        Deridian SLC
      </div>
      <div
        className="property-row__address"
      >
        123 4th Avenue, Seattle WA 98106
      </div>
      <div
        className="property-row__link-container"
      >
        <a
          className="property-row__link"
          href="https://app.remarkably.io/projects/pro_nqcu73oiinomuvn7/baseline/"
        >
          View Property
        </a>
      </div>
      <div
        className="property-status property-status--off-track"
      >
        OFF TRACK
      </div>
    </div>
  </div>
  <div
    className="property-list__row"
  >
    <div
      className="panel panel--default property-row"
    >
      <div
        className="property-row__selector"
        onClick={[Function]}
        onMouseEnter={[Function]}
        onMouseLeave={[Function]}
      >
        <div
          className="property-row__image"
          style={
            Object {
              "backgroundImage": "url(\\"https://i.imgur.com/UEH4gfU.jpg\\")",
            }
          }
        />
        <div
          className="property-row__selector-hover"
        />
        <div
          className="property-row__tick"
        />
      </div>
      <div
        className="property-row__name"
      >
        Peridian SLC
      </div>
      <div
        className="property-row__address"
      >
        123 4th Avenue, Seattle WA 98106
      </div>
      <div
        className="property-row__link-container"
      >
        <a
          className="property-row__link"
          href="https://app.remarkably.io/projects/pro_nqcu73oiinomuvn7/baseline/"
        >
          View Property
        </a>
      </div>
      <div
        className="property-status property-status--on-track"
      >
        ON TRACK
      </div>
    </div>
  </div>
  <div
    className="property-list__row"
  >
    <div
      className="panel panel--default property-row"
    >
      <div
        className="property-row__selector"
        onClick={[Function]}
        onMouseEnter={[Function]}
        onMouseLeave={[Function]}
      >
        <div
          className="property-row__image"
          style={
            Object {
              "backgroundImage": "url(\\"https://i.imgur.com/UEH4gfU.jpg\\")",
            }
          }
        />
        <div
          className="property-row__selector-hover"
        />
        <div
          className="property-row__tick"
        />
      </div>
      <div
        className="property-row__name"
      >
        Leridian SLC
      </div>
      <div
        className="property-row__address"
      >
        123 4th Avenue, Seattle WA 98106
      </div>
      <div
        className="property-row__link-container"
      >
        <a
          className="property-row__link"
          href="https://app.remarkably.io/projects/pro_nqcu73oiinomuvn7/baseline/"
        >
          View Property
        </a>
      </div>
      <div
        className="property-status property-status--on-track"
      >
        ON TRACK
      </div>
    </div>
  </div>
  <div
    className="property-list__row"
  >
    <div
      className="panel panel--default property-row"
    >
      <div
        className="property-row__selector"
        onClick={[Function]}
        onMouseEnter={[Function]}
        onMouseLeave={[Function]}
      >
        <div
          className="property-row__image"
          style={
            Object {
              "backgroundImage": "url(\\"https://i.imgur.com/UEH4gfU.jpg\\")",
            }
          }
        />
        <div
          className="property-row__selector-hover"
        />
        <div
          className="property-row__tick"
        />
      </div>
      <div
        className="property-row__name"
      >
        Qeridian SLC
      </div>
      <div
        className="property-row__address"
      >
        123 4th Avenue, Seattle WA 98106
      </div>
      <div
        className="property-row__link-container"
      >
        <a
          className="property-row__link"
          href="https://app.remarkably.io/projects/pro_nqcu73oiinomuvn7/baseline/"
        >
          View Property
        </a>
      </div>
      <div
        className="property-status property-status--at-risk"
      >
        AT RISK
      </div>
    </div>
  </div>
  <div
    className="property-list__row"
  >
    <div
      className="panel panel--default property-row"
    >
      <div
        className="property-row__selector"
        onClick={[Function]}
        onMouseEnter={[Function]}
        onMouseLeave={[Function]}
      >
        <div
          className="property-row__image"
          style={
            Object {
              "backgroundImage": "url(\\"https://i.imgur.com/UEH4gfU.jpg\\")",
            }
          }
        />
        <div
          className="property-row__selector-hover"
        />
        <div
          className="property-row__tick"
        />
      </div>
      <div
        className="property-row__name"
      >
        Keridian SLC
      </div>
      <div
        className="property-row__address"
      >
        123 4th Avenue, Seattle WA 98106
      </div>
      <div
        className="property-row__link-container"
      >
        <a
          className="property-row__link"
          href="https://app.remarkably.io/projects/pro_nqcu73oiinomuvn7/baseline/"
        >
          View Property
        </a>
      </div>
      <div
        className="property-status property-status--at-risk"
      >
        AT RISK
      </div>
    </div>
  </div>
  <div
    className="property-list__row"
  >
    <div
      className="panel panel--default property-row"
    >
      <div
        className="property-row__selector"
        onClick={[Function]}
        onMouseEnter={[Function]}
        onMouseLeave={[Function]}
      >
        <div
          className="property-row__image"
          style={
            Object {
              "backgroundImage": "url(\\"https://i.imgur.com/UEH4gfU.jpg\\")",
            }
          }
        />
        <div
          className="property-row__selector-hover"
        />
        <div
          className="property-row__tick"
        />
      </div>
      <div
        className="property-row__name"
      >
        Yeridian SLC
      </div>
      <div
        className="property-row__address"
      >
        123 4th Avenue, Seattle WA 98106
      </div>
      <div
        className="property-row__link-container"
      >
        <a
          className="property-row__link"
          href="https://app.remarkably.io/projects/pro_nqcu73oiinomuvn7/baseline/"
        >
          View Property
        </a>
      </div>
      <div
        className="property-status property-status--on-track"
      >
        ON TRACK
      </div>
    </div>
  </div>
  <div
    className="property-list__row"
  >
    <div
      className="panel panel--default property-row"
    >
      <div
        className="property-row__selector"
        onClick={[Function]}
        onMouseEnter={[Function]}
        onMouseLeave={[Function]}
      >
        <div
          className="property-row__image"
          style={
            Object {
              "backgroundImage": "url(\\"https://i.imgur.com/UEH4gfU.jpg\\")",
            }
          }
        />
        <div
          className="property-row__selector-hover"
        />
        <div
          className="property-row__tick"
        />
      </div>
      <div
        className="property-row__name"
      >
        Weridian SLC
      </div>
      <div
        className="property-row__address"
      >
        123 4th Avenue, Seattle WA 98106
      </div>
      <div
        className="property-row__link-container"
      >
        <a
          className="property-row__link"
          href="https://app.remarkably.io/projects/pro_nqcu73oiinomuvn7/baseline/"
        >
          View Property
        </a>
      </div>
      <div
        className="property-status property-status--on-track"
      >
        ON TRACK
      </div>
    </div>
  </div>
</div>
`;
