// Jest Snapshot v1, https://goo.gl/fbAQLP

exports[`TopNavigation renders correctly 1`] = `
<div
  className="top-navigation"
>
  <a
    className="top-navigation__link"
    href="http://app.remarkably.io/dashboard"
  >
    Portfolio
  </a>
  <a
    className="top-navigation__link top-navigation__link--active"
    href="http://app.remarkably.io/portfolio-analysis"
  >
    Portfolio Analysis
  </a>
</div>
`;
