// Jest Snapshot v1, https://goo.gl/fbAQLP

exports[`PageHeader renders correctly 1`] = `
<div
  className="page-header"
>
  <div
    className="container page-header__inner"
  >
    <a
      href="/dashboard"
    >
      <div
        className="remarkably-logo"
      >
         
      </div>
    </a>
    <nav
      className="page-header__items-outer"
    >
      <ul
        className="page-header__items-inner"
        style={
          Object {
            "gridTemplateColumns": "repeat(1, 1fr)",
          }
        }
      >
        <li
          className="page-header__item"
        >
          header content
        </li>
      </ul>
    </nav>
  </div>
</div>
`;
