// Jest Snapshot v1, https://goo.gl/fbAQLP

exports[`ReportDateSpan renders correctly 1`] = `
<div
  className="report-date-span__content"
>
  <span
    className="report-date-span__content-name"
  >
    Report Span
     (
    4 wks.
    )
  </span>
  <span
    className="report-date-span__content-dates"
  >
    1/1/18
     -
     
    2/1/18
  </span>
</div>
`;
