// Jest Snapshot v1, https://goo.gl/fbAQLP

exports[`PerformanceReportSpanDropdown renders correctly 1`] = `
<span
  className="date-range-selector"
>
  <div
    className="select date-range-selector__select select--default css-2b097c-container"
    onKeyDown={[Function]}
  >
    <div
      className="select__control css-yk16xz-control"
      onMouseDown={[Function]}
      onTouchEnd={[Function]}
    >
      <div
        className="select__value-container select__value-container--has-value css-1hwfws3"
      >
        <div
          className="select__single-value css-1uccc91-singleValue"
        >
          Custom
        </div>
        <input
          className="css-62g3xt-dummyInput"
          disabled={false}
          id="react-select-2-input"
          onBlur={[Function]}
          onChange={[Function]}
          onFocus={[Function]}
          readOnly={true}
          tabIndex="0"
          value=""
        />
      </div>
      <div
        className="select__indicators css-1g48xl4-IndicatorsContainer"
      >
        <span
          className="select__indicator-separator css-1okebmr-indicatorSeparator"
        />
        <div
          aria-hidden="true"
          className="select__indicator select__dropdown-indicator css-tlfecz-indicatorContainer"
          onMouseDown={[Function]}
          onTouchEnd={[Function]}
        >
          <svg
            aria-hidden="true"
            className="select__dropdown-arrow select__dropdown-arrow--down"
            color="inherit"
            focusable="false"
            height="1em"
            role="presentation"
            viewBox="0 0 10 5"
            width="1em"
          >
            <path
              d="M1 1.16134L4.92334 4.5"
              stroke="currentColor"
              strokeLinecap="round"
            />
            <path
              d="M8.82812 1.16134L5 4.5"
              stroke="currentColor"
              strokeLinecap="round"
            />
          </svg>
          <svg
            aria-hidden="true"
            className="select__dropdown-arrow select__dropdown-arrow--up"
            color="inherit"
            focusable="false"
            height="1em"
            role="presentation"
            viewBox="0 0 10 5"
            width="1em"
          >
            <path
              d="M1 3.83866L4.92334 0.5"
              stroke="currentColor"
              strokeLinecap="round"
            />
            <path
              d="M8.82812 3.83866L5 0.5"
              stroke="currentColor"
              strokeLinecap="round"
            />
          </svg>
        </div>
      </div>
    </div>
  </div>
  <div
    className="date-range date-range-selector__data-picker"
  >
    <div>
      <div
        className="date-range__input"
        onClick={[Function]}
      >
        <span
          className="date-range__value"
        >
          07/07/18
        </span>
        <span>
          to
        </span>
        <span
          className="date-range__value"
        >
          10/10/18
        </span>
      </div>
    </div>
  </div>
</span>
`;
