// Jest Snapshot v1, https://goo.gl/fbAQLP

exports[`ReportPageChrome renders correctly 1`] = `
<div
  className="chrome"
>
  <div
    className="page-chrome__top-chrome"
  >
    <div
      className="page-chrome__top-chrome__content"
    >
      <div
        className="page-header"
      >
        <div
          className="container page-header__inner"
        >
          <div
            className="remarkably-logo"
          >
             
          </div>
          <nav
            className="page-header__items-outer"
          >
            <ul
              className="page-header__items-inner"
              style={
                Object {
                  "columns": 1,
                }
              }
            >
              <li
                className="page-header__item"
              >
                <div
                  className="project-drop-down"
                >
                  <span
                    className="project-drop-down__image"
                    style={Object {}}
                  />
                  <span
                    className="project-drop-down__text"
                  >
                    Portland Multi Family
                  </span>
                </div>
              </li>
            </ul>
          </nav>
        </div>
      </div>
      <div
        className="project-report-links"
      >
        <ul>
          <li
            className="selected enabled"
            data-url="/projects/pro_example/baseline/"
            onClick={[Function]}
          >
            Baseline
          </li>
          <li
            className="enabled"
            data-url="/projects/pro_example/market/"
            onClick={[Function]}
          >
            Market Analysis
          </li>
          <li
            className="disabled"
            data-url="#"
            onClick={[Function]}
          >
            Modeling
          </li>
          <li
            className="enabled"
            data-url="/projects/pro_example/performance/last-week/"
            onClick={[Function]}
          >
            Performance
          </li>
          <li
            className="disabled"
            data-url="#"
            onClick={[Function]}
          >
            Campaign Plan
          </li>
        </ul>
      </div>
      <div>
        topItems
      </div>
    </div>
    <div
      className="page-chrome__top-chrome__spacing-fix"
      style={
        Object {
          "height": 76,
        }
      }
    >
       
    </div>
  </div>
  <div>
    children
  </div>
</div>
`;
