// Jest Snapshot v1, https://goo.gl/fbAQLP

exports[`ProjectPage renders correctly 1`] = `
<div
  className="chrome"
>
  <div
    className="page-chrome__top-chrome"
  >
    <div
      className="page-chrome__top-chrome__content"
    >
      <div
        className="page-header"
      >
        <div
          className="container page-header__inner"
        >
          <a
            href="/dashboard"
          >
            <div
              className="remarkably-logo"
            >
               
            </div>
          </a>
          <nav
            className="page-header__items-outer"
          >
            <ul
              className="page-header__items-inner"
              style={
                Object {
                  "gridTemplateColumns": "repeat(1, 1fr)",
                }
              }
            >
              <li
                className="page-header__item"
              >
                <div
                  className="user-menu"
                >
                  <div
                    className="select user-menu__select css-2b097c-container"
                    onKeyDown={[Function]}
                  >
                    <div
                      className="select__control css-yk16xz-control"
                      onMouseDown={[Function]}
                      onTouchEnd={[Function]}
                    >
                      <div
                        className="select__value-container css-1hwfws3"
                      >
                        <div
                          className="user-menu__image-container"
                        >
                          <div
                            className="user-menu__image user-menu__image--default"
                          />
                          <div
                            className="user-menu__image"
                            style={
                              Object {
                                "backgroundImage": "url()",
                              }
                            }
                          />
                        </div>
                        <input
                          className="css-62g3xt-dummyInput"
                          disabled={false}
                          id="react-select-2-input"
                          onBlur={[Function]}
                          onChange={[Function]}
                          onFocus={[Function]}
                          readOnly={true}
                          tabIndex="0"
                          value=""
                        />
                      </div>
                      <div
                        className="select__indicators css-1wy0on6"
                      >
                        <span
                          className="select__indicator-separator css-1okebmr-indicatorSeparator"
                        />
                        <div
                          aria-hidden="true"
                          className="select__indicator select__dropdown-indicator css-tlfecz-indicatorContainer"
                          onMouseDown={[Function]}
                          onTouchEnd={[Function]}
                        >
                          <div
                            className="select__dropdown-arrow"
                          />
                        </div>
                      </div>
                    </div>
                  </div>
                </div>
              </li>
            </ul>
          </nav>
        </div>
      </div>
    </div>
    <div
      className="page-chrome__top-chrome__spacing-fix"
      style={
        Object {
          "height": 76,
        }
      }
    >
       
    </div>
  </div>
  <div
    className="container project-page__container"
  >
    <div
      className="project-page__report-group"
    >
      <h2>
        Baseline Report
      </h2>
      <ul>
        <li>
          <a
            className="project-page__report-link"
            href="/projects/pro_example/baseline/"
          >
            Baseline Period (Jan 01 2017 - May 07 2018)
          </a>
        </li>
      </ul>
    </div>
    <div
      className="project-page__report-group"
    >
      <h2>
        Market Report
      </h2>
      <ul>
        <li>
          <a
            className="project-page__report-link"
            href="/projects/pro_example/market/"
          >
            Total Addressable Market
          </a>
        </li>
      </ul>
    </div>
    <div
      className="project-page__report-group"
    >
      <h2>
        Modeling Report
      </h2>
      <ul>
        <li>
          (no reports)
        </li>
      </ul>
    </div>
    <div
      className="project-page__report-group"
    >
      <h2>
        Campaign Plan
      </h2>
      <ul>
        <li>
          (no reports)
        </li>
      </ul>
    </div>
    <div
      className="project-page__report-group"
    >
      <h2>
        Performance Reports
      </h2>
      <ul>
        <li>
          <a
            className="project-page__report-link"
            href="/projects/pro_example/performance/last-week/"
          >
            Last Week (Dec 24 2018 - Dec 31 2018)
          </a>
        </li>
        <li>
          <a
            className="project-page__report-link"
            href="/projects/pro_example/performance/last-two-weeks/"
          >
            Last Two Weeks (Dec 17 2018 - Dec 31 2018)
          </a>
        </li>
        <li>
          <a
            className="project-page__report-link"
            href="/projects/pro_example/performance/last-four-weeks/"
          >
            Last Four Weeks (Dec 03 2018 - Dec 31 2018)
          </a>
        </li>
        <li>
          <a
            className="project-page__report-link"
            href="/projects/pro_example/performance/campaign/"
          >
            Campaign To Date (May 07 2018 - Dec 31 2018)
          </a>
        </li>
        <li>
          <a
            className="project-page__report-link"
            href="/projects/pro_example/report/2018-05-07,2018-05-14/"
          >
            May 07 2018 - May 14 2018
          </a>
        </li>
        <li>
          <a
            className="project-page__report-link"
            href="/projects/pro_example/report/2018-05-14,2018-05-21/"
          >
            May 14 2018 - May 21 2018
          </a>
        </li>
        <li>
          <a
            className="project-page__report-link"
            href="/projects/pro_example/report/2018-05-21,2018-05-28/"
          >
            May 21 2018 - May 28 2018
          </a>
        </li>
        <li>
          <a
            className="project-page__report-link"
            href="/projects/pro_example/report/2018-05-28,2018-06-04/"
          >
            May 28 2018 - Jun 04 2018
          </a>
        </li>
        <li>
          <a
            className="project-page__report-link"
            href="/projects/pro_example/report/2018-06-04,2018-06-11/"
          >
            Jun 04 2018 - Jun 11 2018
          </a>
        </li>
        <li>
          <a
            className="project-page__report-link"
            href="/projects/pro_example/report/2018-06-11,2018-06-18/"
          >
            Jun 11 2018 - Jun 18 2018
          </a>
        </li>
        <li>
          <a
            className="project-page__report-link"
            href="/projects/pro_example/report/2018-06-18,2018-06-25/"
          >
            Jun 18 2018 - Jun 25 2018
          </a>
        </li>
      </ul>
    </div>
  </div>
</div>
`;
