// Jest Snapshot v1, https://goo.gl/fbAQLP

exports[`EstimatedMarketSizeOverview renders correctly 1`] = `
"<Panel className=\\"estimated-market-size-overview\\" component=\\"div\\" size=\\"default\\">
  <div className=\\"estimated-market-size-overview__heading\\">
    <p>
      Est. Market Size Overview
      <Connect(InfoTooltipBase) transKey=\\"est_market_size_overview\\" />
    </p>
  </div>
  <div className=\\"estimated-market-size-overview__content\\">
    <div className=\\"estimated-market-size-overview__content-left\\">
      <MarketSegmentPieChart colors={{...}} market_size={30340} total_population={107639} segments={{...}} />
    </div>
    <div className=\\"estimated-market-size-overview__content-right\\">
      <div className=\\"estimated-market-size-overview__content-col\\">
        <AgeRangePopulationSize color=\\"#000000\\" age_group=\\"18-24\\" market_size={2794} segment_population={10369} />
        <AgeRangePopulationSize color=\\"#000000\\" age_group=\\"25-34\\" market_size={9376} segment_population={32219} />
        <AgeRangePopulationSize color=\\"#000000\\" age_group=\\"35-44\\" market_size={3670} segment_population={20033} />
      </div>
      <div className=\\"estimated-market-size-overview__content-col\\">
        <AgeRangePopulationSize color=\\"#000000\\" age_group=\\"45-54\\" market_size={3621} segment_population={14257} />
        <AgeRangePopulationSize color=\\"#000000\\" age_group=\\"55-64\\" market_size={3567} segment_population={14782} />
        <AgeRangePopulationSize color=\\"#000000\\" age_group=\\"65+\\" market_size={7312} segment_population={15979} />
      </div>
    </div>
  </div>
</Panel>"
`;
