// Jest Snapshot v1, https://goo.gl/fbAQLP

exports[`AddPropertyForm add property form 1`] = `
<form
  action={null}
  autoComplete="off"
  className="add-property-form"
  method="post"
  onReset={[Function]}
  onSubmit={[Function]}
>
  <div
    className="add-property-form__column"
  >
    <div
      className="add-property-form__image"
      style={Object {}}
    >
      <label
        className="add-property-form__file"
      >
        ADD PHOTO
        <input
          accept="image/*"
          name="building_photo"
          onChange={[Function]}
          style={
            Object {
              "display": "none",
            }
          }
          type="file"
        />
      </label>
    </div>
  </div>
  <div
    className="add-property-form__column"
  >
    <div
      className="add-property-form__field"
    >
      <div
        className="add-property-form__label"
      >
        Property Name:
      </div>
      <div>
        <input
          className="input add-property-form__input"
          name="property_name"
          onBlur={[Function]}
          onChange={[Function]}
          placeholder="Property Name"
          type="text"
          value=""
        />
      </div>
    </div>
    <div
      className="add-property-form__field"
    >
      <div
        className="add-property-form__label"
      >
        Address:
      </div>
      <div>
        <input
          className="input add-property-form__input"
          name="street_address_1"
          onBlur={[Function]}
          onChange={[Function]}
          placeholder="Street Address 1"
          type="text"
          value=""
        />
      </div>
    </div>
    <div
      className="add-property-form__field"
    >
      <div
        className="add-property-form__label"
      />
      <div>
        <input
          className="input add-property-form__input"
          name="street_address_2"
          onBlur={[Function]}
          onChange={[Function]}
          placeholder="Street Address 2"
          type="text"
          value=""
        />
      </div>
    </div>
    <div
      className="add-property-form__field"
    >
      <div
        className="add-property-form__label"
      />
      <div>
        <div
          className="add-property-form__fields-wrap"
        >
          <input
            className="input add-property-form__input add-property-form__input--city"
            name="city"
            onBlur={[Function]}
            onChange={[Function]}
            onFocus={[Function]}
            placeholder="City"
            type="text"
            value=""
          />
          <div
            className="select add-property-form__input add-property-form__input--state css-2b097c-container"
            onKeyDown={[Function]}
          >
            <div
              className="select__control css-yk16xz-control"
              onMouseDown={[Function]}
              onTouchEnd={[Function]}
            >
              <div
                className="select__value-container css-1hwfws3"
              >
                <div
                  className="select__placeholder css-1wa3eu0-placeholder"
                >
                  State
                </div>
                <input
                  className="css-62g3xt-dummyInput"
                  disabled={false}
                  id="react-select-2-input"
                  onBlur={[Function]}
                  onChange={[Function]}
                  onFocus={[Function]}
                  readOnly={true}
                  tabIndex="0"
                  value=""
                />
              </div>
              <div
                className="select__indicators css-1wy0on6"
              >
                <span
                  className="select__indicator-separator css-1okebmr-indicatorSeparator"
                />
                <div
                  aria-hidden="true"
                  className="select__indicator select__dropdown-indicator css-tlfecz-indicatorContainer"
                  onMouseDown={[Function]}
                  onTouchEnd={[Function]}
                >
                  <svg
                    aria-hidden="true"
                    className="select__dropdown-arrow select__dropdown-arrow--down"
                    color="inherit"
                    focusable="false"
                    height="1em"
                    role="presentation"
                    viewBox="0 0 10 5"
                    width="1em"
                  >
                    <path
                      d="M1 1.16134L4.92334 4.5"
                      stroke="currentColor"
                      strokeLinecap="round"
                    />
                    <path
                      d="M8.82812 1.16134L5 4.5"
                      stroke="currentColor"
                      strokeLinecap="round"
                    />
                  </svg>
                  <svg
                    aria-hidden="true"
                    className="select__dropdown-arrow select__dropdown-arrow--up"
                    color="inherit"
                    focusable="false"
                    height="1em"
                    role="presentation"
                    viewBox="0 0 10 5"
                    width="1em"
                  >
                    <path
                      d="M1 3.83866L4.92334 0.5"
                      stroke="currentColor"
                      strokeLinecap="round"
                    />
                    <path
                      d="M8.82812 3.83866L5 0.5"
                      stroke="currentColor"
                      strokeLinecap="round"
                    />
                  </svg>
                </div>
              </div>
            </div>
            <input
              name="state"
              type="hidden"
              value=""
            />
          </div>
          <input
            className="input add-property-form__input add-property-form__input--zipcode"
            name="zip_code"
            onBlur={[Function]}
            onChange={[Function]}
            onFocus={[Function]}
            placeholder="Zipcode"
            type="text"
            value=""
          />
        </div>
      </div>
    </div>
    <div
      className="add-property-form__field"
    >
      <div
        className="add-property-form__label"
      >
        Package Option:
      </div>
      <div>
        <div
          className="select add-property-form__input css-2b097c-container"
          onKeyDown={[Function]}
        >
          <div
            className="select__control css-yk16xz-control"
            onMouseDown={[Function]}
            onTouchEnd={[Function]}
          >
            <div
              className="select__value-container css-1hwfws3"
            >
              <div
                className="select__placeholder css-1wa3eu0-placeholder"
              >
                Select a Package...
              </div>
              <input
                className="css-62g3xt-dummyInput"
                disabled={false}
                id="react-select-3-input"
                onBlur={[Function]}
                onChange={[Function]}
                onFocus={[Function]}
                readOnly={true}
                tabIndex="0"
                value=""
              />
            </div>
            <div
              className="select__indicators css-1wy0on6"
            >
              <span
                className="select__indicator-separator css-1okebmr-indicatorSeparator"
              />
              <div
                aria-hidden="true"
                className="select__indicator select__dropdown-indicator css-tlfecz-indicatorContainer"
                onMouseDown={[Function]}
                onTouchEnd={[Function]}
              >
                <svg
                  aria-hidden="true"
                  className="select__dropdown-arrow select__dropdown-arrow--down"
                  color="inherit"
                  focusable="false"
                  height="1em"
                  role="presentation"
                  viewBox="0 0 10 5"
                  width="1em"
                >
                  <path
                    d="M1 1.16134L4.92334 4.5"
                    stroke="currentColor"
                    strokeLinecap="round"
                  />
                  <path
                    d="M8.82812 1.16134L5 4.5"
                    stroke="currentColor"
                    strokeLinecap="round"
                  />
                </svg>
                <svg
                  aria-hidden="true"
                  className="select__dropdown-arrow select__dropdown-arrow--up"
                  color="inherit"
                  focusable="false"
                  height="1em"
                  role="presentation"
                  viewBox="0 0 10 5"
                  width="1em"
                >
                  <path
                    d="M1 3.83866L4.92334 0.5"
                    stroke="currentColor"
                    strokeLinecap="round"
                  />
                  <path
                    d="M8.82812 3.83866L5 0.5"
                    stroke="currentColor"
                    strokeLinecap="round"
                  />
                </svg>
              </div>
            </div>
          </div>
          <input
            name="product_type"
            type="hidden"
            value=""
          />
        </div>
      </div>
    </div>
    <div
      className="add-property-form__field add-property-form__field--button"
    >
      <div
        className="add-property-form__label"
      />
      <div
        className="add-property-form__submit-wrap"
      >
        <button
          className="button button--disabled add-property-form__submit"
          onClick={[Function]}
          type="submit"
        >
          SUBMIT
        </button>
      </div>
    </div>
  </div>
</form>
`;
