// Jest Snapshot v1, https://goo.gl/fbAQLP

exports[`CampaignPlanOverviewTab renders CampaignOverviewObjectives correctly 1`] = `
"<div className=\\"objectives-markdown\\">
  <div className=\\"objective-item\\">
    <h1>
      Reputation Building
      <Connect(InfoTooltipBase) transKey=\\"acquisition_reputation_building\\" />
    </h1>
    <ReactMarkdown source=\\"Grow reach and shape perceptions\\\\n* Attract 11,979 USV\\\\n* Attract 1,000 social followers\\\\n* Add 1,100 contacts to property database (email list)\\" className=\\"markdown-content\\" renderers={{...}} escapeHtml={true} skipHtml={false} sourcePos={false} rawSourcePos={false} transformLinkUri={[Function: uriTransformer]} astPlugins={{...}} plugins={{...}} parserOptions={{...}} />
  </div>
  <div className=\\"objective-item\\">
    <h1>
      Demand Creation
      <Connect(InfoTooltipBase) transKey=\\"acquisition_demand_creation\\" />
    </h1>
    <ReactMarkdown source=\\"Generate INQs and USVs:\\\\n* Convert 6% of USVs to INQs\\\\n* Attract 696 Inquires (calls, emails, walk-ins, chats, texts)\\\\n* Conduct 270 tours (at 40% INQ>Tour conversion rate)\\" className=\\"markdown-content\\" renderers={{...}} escapeHtml={true} skipHtml={false} sourcePos={false} rawSourcePos={false} transformLinkUri={[Function: uriTransformer]} astPlugins={{...}} plugins={{...}} parserOptions={{...}} />
  </div>
  <div className=\\"objective-item\\">
    <h1>
      Leasing Enablement
      <Connect(InfoTooltipBase) transKey=\\"acquisition_leasing_enablement\\" />
    </h1>
    <ReactMarkdown source=\\"Equip leasing team with effective processes and tools that delight\\\\n* Provide highly responsive process for handling INQ and Tours\\\\n* Capture 97 signed leases\\" className=\\"markdown-content\\" renderers={{...}} escapeHtml={true} skipHtml={false} sourcePos={false} rawSourcePos={false} transformLinkUri={[Function: uriTransformer]} astPlugins={{...}} plugins={{...}} parserOptions={{...}} />
  </div>
  <div className=\\"objective-item\\">
    <h1>
      Marketing Intelligence
      <Connect(InfoTooltipBase) transKey=\\"acquisition_marketing_intelligence\\" />
    </h1>
    <ReactMarkdown source=\\"Capture resident and prospect data:\\\\n* Capture prospect data on website\\\\n* Capture resident data about satisfaction and retention\\" className=\\"markdown-content\\" renderers={{...}} escapeHtml={true} skipHtml={false} sourcePos={false} rawSourcePos={false} transformLinkUri={[Function: uriTransformer]} astPlugins={{...}} plugins={{...}} parserOptions={{...}} />
  </div>
</div>"
`;

exports[`CampaignPlanOverviewTab renders CampaignOverviewSegments correctly 1`] = `
"<div className=\\"target-segments\\">
  <div className=\\"target-segment-item\\">
    <p>
      Primary
      <Connect(InfoTooltipBase) transKey=\\"target_segments_primary\\" />
    </p>
    <p>
      Young Professionals (25-34)
    </p>
  </div>
  <div className=\\"target-segment-item\\">
    <p>
      Secondary
      <Connect(InfoTooltipBase) transKey=\\"target_segments_secondary\\" />
    </p>
    <p>
      Young Entrepreneurs (25-34)
    </p>
  </div>
  <div className=\\"target-segment-item\\">
    <p>
      Tertiary
      <Connect(InfoTooltipBase) transKey=\\"target_segments_tertiary\\" />
    </p>
    <p>
      Young Couples (35-40)
    </p>
  </div>
  <div className=\\"target-segment-item\\">
    <p>
      Quarternary
      <Connect(InfoTooltipBase) transKey=\\"target_segments_quarternary\\" />
    </p>
    <p>
      Established Singles (35-44)
    </p>
  </div>
</div>"
`;

exports[`CampaignPlanOverviewTab renders CampaignPlanOverviewTab correctly 1`] = `
"<Panel className=\\"campaign-plan-overview-tab\\" component=\\"div\\" size=\\"default\\">
  <div className=\\"campaign-plan-overview-table\\">
    <div className=\\"table__row\\">
      <div className=\\"row__label\\">
        Target Segments
      </div>
      <CampaignOverviewSegments className=\\"row__content\\" segments={{...}} />
    </div>
    <div className=\\"table__row\\">
      <div className=\\"row__label\\">
        Goal
      </div>
      <div className=\\"row__content\\" dangerouslySetInnerHTML={{...}} />
    </div>
    <div className=\\"table__row\\">
      <div className=\\"row__label\\">
        Objectives
      </div>
      <CampaignOverviewObjectives objectives={{...}} className=\\"row__content\\" />
    </div>
    <div className=\\"table__row\\">
      <div className=\\"row__label\\">
        Assumptions
      </div>
      <div className=\\"row__content\\">
        <ReactMarkdown source=\\"* Asset contains 260 units\\\\n* 20% C&D rate\\\\n* Model based on predictions generated in Sept. 2018\\" className=\\"markdown-content\\" renderers={{...}} escapeHtml={true} skipHtml={false} sourcePos={false} rawSourcePos={false} transformLinkUri={[Function: uriTransformer]} astPlugins={{...}} plugins={{...}} parserOptions={{...}} />
      </div>
    </div>
    <div className=\\"table__row\\">
      <div className=\\"row__label\\">
        Schedule
      </div>
      <div className=\\"row__content\\" dangerouslySetInnerHTML={{...}} />
    </div>
    <div className=\\"table__row table__row--last\\">
      <div className=\\"row__label\\">
        Est. Campaign Investment
      </div>
      <CampaignOverviewEstTarget className=\\"row__content\\" reputation_building={{...}} demand_creation={{...}} leasing_enablement={{...}} market_intelligence={{...}} total={{...}} />
    </div>
  </div>
</Panel>"
`;
