// Jest Snapshot v1, https://goo.gl/fbAQLP

exports[`SegmentOverviewByAge renders correctly 1`] = `
"<Panel className=\\"segment-overview-by-age\\" component=\\"div\\" size=\\"default\\">
  <div className=\\"segment-overview-by-age__heading\\">
    <div className=\\"segment-overview-by-age__heading-left\\">
      Segment 
      1
       | Ages 
      18-24
    </div>
    <div className=\\"segment-overview-by-age__heading-right\\">
      Est. Segment Population 
      10,368
      <span className=\\"segment-overview-by-age__total-pop\\">
         / 120,448
      </span>
      <Connect(InfoTooltipBase) transKey=\\"est_segment_population\\" />
    </div>
  </div>
  <div className=\\"segment-overview-by-age__content\\">
    <MarketSizeByIncome income=\\"50000.00\\" group_population={3452} home_owners={{...}} renters={{...}} active_populations={{...}} market_size={2794} segment_population={10368} />
    <MarketSizeByIncome income=\\"75000.00\\" group_population={3188} home_owners={{...}} renters={{...}} market_size={2481} active_populations={{...}} segment_population={10368} />
    <MarketSizeByIncome income=\\"100000.00\\" group_population={1587} home_owners={{...}} renters={{...}} market_size={1201} active_populations={{...}} segment_population={10368} />
  </div>
</Panel>"
`;
